// Jest Snapshot v1, https://goo.gl/fbAQLP

exports[`Home page renders home page 1`] = `
<div>
  <div
    id="home"
  >
    <h1>
      Home Page
    </h1>
    <button
      id="shopButton"
      type="button"
    >
      Shop Now
    </button>
  </div>
</div>
`;
