// Jest Snapshot v1, https://goo.gl/fbAQLP

exports[`Add to cart button renders button 1`] = `
<div>
  <button
    id="shopButton"
    type="button"
  />
</div>
`;
